Microchip MPLAB XC8 Compiler V2.10 ()

Linker command line:

-W-3 --edf=D:\Apps\Xc8\pic\dat\en_msgs.txt -cs \
  -h+dist/default/production\TX_main_driver.X.production.sym \
  --cmf=dist/default/production\TX_main_driver.X.production.cmf -z \
  -Q16F18344 -oC:\Users\cmhho\AppData\Local\Temp\sd2k.2 \
  --defsym=__MPLAB_BUILD=1 \
  -Mdist/default/production/TX_main_driver.X.production.map -E1 -ver=XC8 \
  --acfsm=1493 -ASTACK=020DAh-021EFh -pstack=STACK -ACODE=00h-07FFhx2 \
  -ASTRCODE=00h-0FFFh -ASTRING=00h-0FFhx16 -ACONST=00h-0FFhx16 \
  -AENTRY=00h-0FFhx16 -ACOMMON=070h-07Fh -ABANK0=020h-06Fh \
  -ABANK1=0A0h-0EFh -ABANK2=0120h-016Fh -ABANK3=01A0h-01EFh \
  -ABANK4=0220h-026Fh -ABANK5=02A0h-02EFh -ABANK6=0320h-032Fh \
  -ABIGRAM=02000h-021EFh \
  -ARAM=020h-06Fh,0A0h-0EFh,0120h-016Fh,01A0h-01EFh,0220h-026Fh,02A0h-02EFh,0320h-032Fh \
  -AABS1=020h-07Fh,0A0h-0EFh,0120h-016Fh,01A0h-01EFh,0220h-026Fh,02A0h-02EFh,0320h-032Fh \
  -ASFR0=00h-01Fh -ASFR1=080h-09Fh -ASFR2=0100h-011Fh -ASFR3=0180h-019Fh \
  -ASFR4=0200h-021Fh -ASFR5=0280h-029Fh -ASFR6=0300h-031Fh \
  -ASFR7=0380h-03EFh -ASFR8=0400h-046Fh -ASFR9=0480h-04EFh \
  -ASFR10=0500h-056Fh -ASFR11=0580h-05EFh -ASFR12=0600h-066Fh \
  -ASFR13=0680h-06EFh -ASFR14=0700h-076Fh -ASFR15=0780h-07EFh \
  -ASFR16=0800h-086Fh -ASFR17=0880h-08EFh -ASFR18=0900h-096Fh \
  -ASFR19=0980h-09EFh -ASFR20=0A00h-0A6Fh -ASFR21=0A80h-0AEFh \
  -ASFR22=0B00h-0B6Fh -ASFR23=0B80h-0BEFh -ASFR24=0C00h-0C6Fh \
  -ASFR25=0C80h-0CEFh -ASFR26=0D00h-0D6Fh -ASFR27=0D80h-0DEFh \
  -ASFR28=0E00h-0E6Fh -ASFR29=0E80h-0EEFh -ASFR30=0F00h-0F6Fh \
  -ASFR31=0F80h-0FEFh -preset_vec=00h,intentry=04h,init,end_init \
  -ppowerup=CODE -pcinit=CODE -pfunctab=ENTRY -ACONFIG=08007h-0800Ah \
  -pconfig=CONFIG -DCONFIG=2 -AIDLOC=08000h-08003h -pidloc=IDLOC -DIDLOC=2 \
  -AEEDATA=00h-0FFh/0F000h -peeprom_data=EEDATA -DEEDATA=2 -DCODE=2 \
  -DSTRCODE=2 -DSTRING=2 -DCONST=2 -DENTRY=2 -k \
  C:\Users\cmhho\AppData\Local\Temp\sd2k.o \
  dist/default/production\TX_main_driver.X.production.o 

Object code version is 3.11

Machine type is 16F18344



                Name                               Link     Load   Length Selector   Space Scale
C:\Users\cmhho\AppData\Local\Temp\sd2k.o
                end_init                             31       31        2        8       0
                reset_vec                             0        0        2        0       0
                config                             8007     8007        3    1000E       0
dist/default/production\TX_main_driver.X.production.o
                cinit                                33       33       16        8       0
                intentry                              4        4       2D        8       0
                text14                              DC1      DC1        8     1B82       0
                text13                              DE5      DE5       1E     1BCA       0
                text12                              DC9      DC9        D     1B92       0
                text11                              DD6      DD6        F     1BAC       0
                text10                              2A0      2A0      238        8       0
                text9                               E03      E03       24     1C06       0
                text8                                49       49      257        8       0
                text7                               F8B      F8B       75     1F16       0
                text6                               74F      74F       AD        8       0
                text5                               E27      E27       4C     1C4E       0
                text4                               F1F      F1F       6C     1E3E       0
                text3                               640      640      10F        8       0
                text2                               E73      E73       4C     1CE6       0
                text1                               EBF      EBF       60     1D7E       0
                maintext                            4D8      4D8      168        8       0
                cstackBANK0                          20       20       4B       20       1
                cstackCOMMON                         70       70        A       70       1
                cstackBANK1                          A0       A0       46       A0       1
                clrtext                             DBB      DBB        6     1B76       0
                bssBANK2                            120      120       3A      120       1
                bssBANK1                             E6       E6        8       A0       1
                bssCOMMON                            7A       7A        2       70       1
                stringtext1                         7FC      7FC        2      FF8       0

TOTAL           Name                               Link     Load   Length     Space
        CLASS   STACK          

        CLASS   CODE           
                end_init                             31       31        2         0
                cinit                                33       33       16         0
                intentry                              4        4       2D         0
                reset_vec                             0        0        2         0
                text14                              DC1      DC1        8         0
                text13                              DE5      DE5       1E         0
                text12                              DC9      DC9        D         0
                text11                              DD6      DD6        F         0
                text10                              2A0      2A0      238         0
                text9                               E03      E03       24         0
                text8                                49       49      257         0
                text7                               F8B      F8B       75         0
                text6                               74F      74F       AD         0
                text5                               E27      E27       4C         0
                text4                               F1F      F1F       6C         0
                text3                               640      640      10F         0
                text2                               E73      E73       4C         0
                text1                               EBF      EBF       60         0
                maintext                            4D8      4D8      168         0
                clrtext                             DBB      DBB        6         0

        CLASS   STRCODE        
                stringtext1                         7FC      7FC        2         0

        CLASS   STRING         

        CLASS   CONST          

        CLASS   ENTRY          

        CLASS   COMMON         
                cstackCOMMON                         70       70        A         1
                bssCOMMON                            7A       7A        2         1

        CLASS   BANK0          
                cstackBANK0                          20       20       4B         1

        CLASS   BANK1          
                cstackBANK1                          A0       A0       46         1
                bssBANK1                             E6       E6        8         1

        CLASS   BANK2          
                bssBANK2                            120      120       3A         1

        CLASS   BANK3          

        CLASS   BANK4          

        CLASS   BANK5          

        CLASS   BANK6          

        CLASS   BIGRAM         

        CLASS   RAM            

        CLASS   ABS1           
                abs_s1                               7E       7E        2         1

        CLASS   SFR0           

        CLASS   SFR1           

        CLASS   SFR2           

        CLASS   SFR3           

        CLASS   SFR4           

        CLASS   SFR5           

        CLASS   SFR6           

        CLASS   SFR7           

        CLASS   SFR8           

        CLASS   SFR9           

        CLASS   SFR10          

        CLASS   SFR11          

        CLASS   SFR12          

        CLASS   SFR13          

        CLASS   SFR14          

        CLASS   SFR15          

        CLASS   SFR16          

        CLASS   SFR17          

        CLASS   SFR18          

        CLASS   SFR19          

        CLASS   SFR20          

        CLASS   SFR21          

        CLASS   SFR22          

        CLASS   SFR23          

        CLASS   SFR24          

        CLASS   SFR25          

        CLASS   SFR26          

        CLASS   SFR27          

        CLASS   SFR28          

        CLASS   SFR29          

        CLASS   SFR30          

        CLASS   SFR31          

        CLASS   CONFIG         
                config                             8007     8007        3         0

        CLASS   IDLOC          

        CLASS   EEDATA         

        CLASS   BANK31         

        CLASS   BANK30         

        CLASS   BANK29         

        CLASS   BANK28         

        CLASS   BANK27         

        CLASS   BANK26         

        CLASS   BANK25         

        CLASS   BANK24         

        CLASS   BANK23         

        CLASS   BANK22         

        CLASS   BANK21         

        CLASS   BANK20         

        CLASS   BANK19         

        CLASS   BANK18         

        CLASS   BANK17         

        CLASS   BANK16         

        CLASS   BANK15         

        CLASS   BANK14         

        CLASS   BANK13         

        CLASS   BANK12         

        CLASS   BANK11         

        CLASS   BANK10         

        CLASS   BANK9          

        CLASS   BANK8          

        CLASS   BANK7          



SEGMENTS        Name                           Load    Length   Top    Selector   Space  Class     Delta

                reset_vec                      000000  000002  000002         0       0  CODE        2
                intentry                       000004  0007F8  0007FC         8       0  CODE        2
                cstackBANK0                    000020  00004B  00006B        20       1  BANK0       1
                cstackCOMMON                   000070  00000C  00007C        70       1  COMMON      1
                cstackBANK1                    0000A0  00004E  0000EE        A0       1  BANK1       1
                bssBANK2                       000120  00003A  00015A       120       1  BANK2       1
                stringtext1                    0007FC  000002  0007FE       FF8       0  STRCODE     2
                clrtext                        000DBB  000006  000DC1      1B76       0  CODE        2
                text14                         000DC1  000008  000DC9      1B82       0  CODE        2
                text12                         000DC9  00000D  000DD6      1B92       0  CODE        2
                text11                         000DD6  00000F  000DE5      1BAC       0  CODE        2
                text13                         000DE5  00001E  000E03      1BCA       0  CODE        2
                text9                          000E03  000024  000E27      1C06       0  CODE        2
                text5                          000E27  00004C  000E73      1C4E       0  CODE        2
                text2                          000E73  00004C  000EBF      1CE6       0  CODE        2
                text1                          000EBF  000060  000F1F      1D7E       0  CODE        2
                text4                          000F1F  00006C  000F8B      1E3E       0  CODE        2
                text7                          000F8B  000075  001000      1F16       0  CODE        2
                config                         008007  000003  00800A     1000E       0  CONFIG      2


UNUSED ADDRESS RANGES

        Name                Unused          Largest block    Delta
        BANK0            0006B-0006F               5           1
        BANK1            000EE-000EF               2           1
        BANK2            0015A-0016F              16           1
        BANK3            001A0-001EF              50           1
        BANK4            00220-0026F              50           1
        BANK5            002A0-002EF              50           1
        BANK6            00320-0032F              10           1
        BIGRAM           02000-021EF             1F0           1
        CODE             00002-00003               2           2
                         007FE-00DBA               2
        COMMON           0007C-0007D               2           1
        CONFIG           0800A-0800A               1           2
        CONST            00002-00003               2           2
                         007FE-00DBA             100
        EEDATA           0F000-0F0FF             100           2
        ENTRY            00002-00003               2           2
                         007FE-00DBA             100
        IDLOC            08000-08003               4           2
        RAM              0006B-0006F               5           1
                         000EE-000EF               2
                         0015A-0016F              16
                         001A0-001EF              50
                         00220-0026F              50
                         002A0-002EF              50
                         00320-0032F              10
        SFR0             00000-0001F              20           1
        SFR1             00080-0009F              20           1
        SFR10            00500-0056F              70           1
        SFR11            00580-005EF              70           1
        SFR12            00600-0066F              70           1
        SFR13            00680-006EF              70           1
        SFR14            00700-0076F              70           1
        SFR15            00780-007EF              70           1
        SFR16            00800-0086F              70           1
        SFR17            00880-008EF              70           1
        SFR18            00900-0096F              70           1
        SFR19            00980-009EF              70           1
        SFR2             00100-0011F              20           1
        SFR20            00A00-00A6F              70           1
        SFR21            00A80-00AEF              70           1
        SFR22            00B00-00B6F              70           1
        SFR23            00B80-00BEF              70           1
        SFR24            00C00-00C6F              70           1
        SFR25            00C80-00CEF              70           1
        SFR26            00D00-00D6F              70           1
        SFR27            00D80-00DEF              70           1
        SFR28            00E00-00E6F              70           1
        SFR29            00E80-00EEF              70           1
        SFR3             00180-0019F              20           1
        SFR30            00F00-00F6F              70           1
        SFR31            00F80-00FEF              70           1
        SFR4             00200-0021F              20           1
        SFR5             00280-0029F              20           1
        SFR6             00300-0031F              20           1
        SFR7             00380-003EF              70           1
        SFR8             00400-0046F              70           1
        SFR9             00480-004EF              70           1
        STACK            020DA-021EF             116           1
        STRCODE          00002-00003               2           2
                         007FE-00DBA             5BD
        STRING           00002-00003               2           2
                         007FE-00DBA             100

                                  Symbol Table

?_ADC_Read                 cstackCOMMON 00072
?_Pres_Conv                cstackBANK0  00065
?_Temp_Conv                cstackBANK0  00065
?__Umul8_16                cstackCOMMON 00072
?___awdiv                  cstackCOMMON 00072
?___fladd                  cstackBANK0  00048
?___flmul                  cstackBANK0  0002E
?___fltol                  cstackBANK0  0005C
?___xxtofl                 cstackBANK0  00020
ADC_Read@channel           cstackCOMMON 00072
ADC_Read@val               cstackCOMMON 00076
Pres_Conv@V2P              cstackBANK0  00065
Pres_Conv@pres             cstackBANK0  00067
Send_DTMF_pack@high        cstackBANK0  00023
Send_DTMF_pack@low         cstackBANK0  00025
Send_DTMF_pack@press       cstackCOMMON 00078
Send_DTMF_pack@temperature cstackCOMMON 00076
Send_DTMF_pack@wind        cstackCOMMON 00074
Temp_Conv@V2T              cstackBANK0  00065
Temp_Conv@temp             cstackBANK0  00067
_ADCON0                    (abs)        0009D
_ADCON0bits                (abs)        0009D
_ADCON1                    (abs)        0009E
_ADC_Init                  text14       00DC1
_ADC_Read                  text13       00DE5
_ADRESH                    (abs)        0009C
_ADRESL                    (abs)        0009B
_ANSELA                    (abs)        0018C
_ANSELB                    (abs)        0018D
_ANSELC                    (abs)        0018E
_ConfigInterrupts          text12       00DC9
_ConfigTimers              text11       00DD6
_Dig_val                   bssBANK1     000E6
_HighIsr                   intentry     00004
_INTCONbits                (abs)        0000B
_INTPPSbits                (abs)        00E10
_PIE0bits                  (abs)        00090
_PIR0bits                  (abs)        00010
_PORTB                     (abs)        0000D
_PORTC                     (abs)        0000E
_Pres_Conv                 text5        00E27
_RA5                       (abs)        00065
_RB4                       (abs)        0006C
_RB5                       (abs)        0006D
_RC0                       (abs)        00070
_RC1                       (abs)        00071
_RC2                       (abs)        00072
_RC3                       (abs)        00073
_RC4                       (abs)        00074
_RC5                       (abs)        00075
_RC6                       (abs)        00076
_RC7                       (abs)        00077
_Send_DTMF_pack            text3        00640
_T0CON0bits                (abs)        00017
_T0CON1bits                (abs)        00018
_TMR0H                     (abs)        00016
_TMR0Hbits                 (abs)        00016
_TMR0L                     (abs)        00015
_TMR0Lbits                 (abs)        00015
_TRISA                     (abs)        0008C
_TRISB                     (abs)        0008D
_TRISC                     (abs)        0008E
_Temp_Conv                 text2        00E73
__CFG_CLKOUTEN$OFF         (abs)        00000
__CFG_CSWEN$ON             (abs)        00000
__CFG_FCMEN$OFF            (abs)        00000
__CFG_FEXTOSC$OFF          (abs)        00000
__CFG_LVP$OFF              (abs)        00000
__CFG_RSTOSC$HFINT1        (abs)        00000
__CFG_WDTE$OFF             (abs)        00000
__Habs1                    abs1         00000
__Hbank0                   bank0        00000
__Hbank1                   bank1        00000
__Hbank10                  bank10       00000
__Hbank11                  bank11       00000
__Hbank12                  bank12       00000
__Hbank13                  bank13       00000
__Hbank14                  bank14       00000
__Hbank15                  bank15       00000
__Hbank16                  bank16       00000
__Hbank17                  bank17       00000
__Hbank18                  bank18       00000
__Hbank19                  bank19       00000
__Hbank2                   bank2        00000
__Hbank20                  bank20       00000
__Hbank21                  bank21       00000
__Hbank22                  bank22       00000
__Hbank23                  bank23       00000
__Hbank24                  bank24       00000
__Hbank25                  bank25       00000
__Hbank26                  bank26       00000
__Hbank27                  bank27       00000
__Hbank28                  bank28       00000
__Hbank29                  bank29       00000
__Hbank3                   bank3        00000
__Hbank30                  bank30       00000
__Hbank31                  bank31       00000
__Hbank4                   bank4        00000
__Hbank5                   bank5        00000
__Hbank6                   bank6        00000
__Hbank7                   bank7        00000
__Hbank8                   bank8        00000
__Hbank9                   bank9        00000
__Hbigram                  bigram       00000
__HbssBANK1                bssBANK1     00000
__HbssBANK2                bssBANK2     00000
__HbssCOMMON               bssCOMMON    00000
__Hcinit                   cinit        00049
__Hclrtext                 clrtext      00000
__Hcode                    code         00000
__Hcommon                  common       00000
__Hconfig                  config       0800A
__HcstackBANK0             cstackBANK0  00000
__HcstackBANK1             cstackBANK1  00000
__HcstackCOMMON            cstackCOMMON 00000
__Heeprom_data             eeprom_data  00000
__Hend_init                end_init     00033
__Hfunctab                 functab      00000
__Hidloc                   idloc        00000
__Hinit                    init         00031
__Hintentry                intentry     00031
__Hmaintext                maintext     00000
__Hpowerup                 powerup      00000
__Hram                     ram          00000
__Hreset_vec               reset_vec    00002
__Hsfr0                    sfr0         00000
__Hsfr1                    sfr1         00000
__Hsfr10                   sfr10        00000
__Hsfr11                   sfr11        00000
__Hsfr12                   sfr12        00000
__Hsfr13                   sfr13        00000
__Hsfr14                   sfr14        00000
__Hsfr15                   sfr15        00000
__Hsfr16                   sfr16        00000
__Hsfr17                   sfr17        00000
__Hsfr18                   sfr18        00000
__Hsfr19                   sfr19        00000
__Hsfr2                    sfr2         00000
__Hsfr20                   sfr20        00000
__Hsfr21                   sfr21        00000
__Hsfr22                   sfr22        00000
__Hsfr23                   sfr23        00000
__Hsfr24                   sfr24        00000
__Hsfr25                   sfr25        00000
__Hsfr26                   sfr26        00000
__Hsfr27                   sfr27        00000
__Hsfr28                   sfr28        00000
__Hsfr29                   sfr29        00000
__Hsfr3                    sfr3         00000
__Hsfr30                   sfr30        00000
__Hsfr31                   sfr31        00000
__Hsfr4                    sfr4         00000
__Hsfr5                    sfr5         00000
__Hsfr6                    sfr6         00000
__Hsfr7                    sfr7         00000
__Hsfr8                    sfr8         00000
__Hsfr9                    sfr9         00000
__Hspace_0                 (abs)        0800A
__Hspace_1                 (abs)        0015A
__Hspace_2                 (abs)        00000
__Hspace_3                 (abs)        00000
__Hstack                   stack        00000
__Hstrings                 strings      00000
__Hstringtext1             stringtext1  00000
__Htext                    text         00000
__Labs1                    abs1         00000
__Lbank0                   bank0        00000
__Lbank1                   bank1        00000
__Lbank10                  bank10       00000
__Lbank11                  bank11       00000
__Lbank12                  bank12       00000
__Lbank13                  bank13       00000
__Lbank14                  bank14       00000
__Lbank15                  bank15       00000
__Lbank16                  bank16       00000
__Lbank17                  bank17       00000
__Lbank18                  bank18       00000
__Lbank19                  bank19       00000
__Lbank2                   bank2        00000
__Lbank20                  bank20       00000
__Lbank21                  bank21       00000
__Lbank22                  bank22       00000
__Lbank23                  bank23       00000
__Lbank24                  bank24       00000
__Lbank25                  bank25       00000
__Lbank26                  bank26       00000
__Lbank27                  bank27       00000
__Lbank28                  bank28       00000
__Lbank29                  bank29       00000
__Lbank3                   bank3        00000
__Lbank30                  bank30       00000
__Lbank31                  bank31       00000
__Lbank4                   bank4        00000
__Lbank5                   bank5        00000
__Lbank6                   bank6        00000
__Lbank7                   bank7        00000
__Lbank8                   bank8        00000
__Lbank9                   bank9        00000
__Lbigram                  bigram       00000
__LbssBANK1                bssBANK1     00000
__LbssBANK2                bssBANK2     00000
__LbssCOMMON               bssCOMMON    00000
__Lcinit                   cinit        00033
__Lclrtext                 clrtext      00000
__Lcode                    code         00000
__Lcommon                  common       00000
__Lconfig                  config       08007
__LcstackBANK0             cstackBANK0  00000
__LcstackBANK1             cstackBANK1  00000
__LcstackCOMMON            cstackCOMMON 00000
__Leeprom_data             eeprom_data  00000
__Lend_init                end_init     00031
__Lfunctab                 functab      00000
__Lidloc                   idloc        00000
__Linit                    init         00031
__Lintentry                intentry     00004
__Lmaintext                maintext     00000
__Lpowerup                 powerup      00000
__Lram                     ram          00000
__Lreset_vec               reset_vec    00000
__Lsfr0                    sfr0         00000
__Lsfr1                    sfr1         00000
__Lsfr10                   sfr10        00000
__Lsfr11                   sfr11        00000
__Lsfr12                   sfr12        00000
__Lsfr13                   sfr13        00000
__Lsfr14                   sfr14        00000
__Lsfr15                   sfr15        00000
__Lsfr16                   sfr16        00000
__Lsfr17                   sfr17        00000
__Lsfr18                   sfr18        00000
__Lsfr19                   sfr19        00000
__Lsfr2                    sfr2         00000
__Lsfr20                   sfr20        00000
__Lsfr21                   sfr21        00000
__Lsfr22                   sfr22        00000
__Lsfr23                   sfr23        00000
__Lsfr24                   sfr24        00000
__Lsfr25                   sfr25        00000
__Lsfr26                   sfr26        00000
__Lsfr27                   sfr27        00000
__Lsfr28                   sfr28        00000
__Lsfr29                   sfr29        00000
__Lsfr3                    sfr3         00000
__Lsfr30                   sfr30        00000
__Lsfr31                   sfr31        00000
__Lsfr4                    sfr4         00000
__Lsfr5                    sfr5         00000
__Lsfr6                    sfr6         00000
__Lsfr7                    sfr7         00000
__Lsfr8                    sfr8         00000
__Lsfr9                    sfr9         00000
__Lspace_0                 (abs)        00000
__Lspace_1                 (abs)        00000
__Lspace_2                 (abs)        00000
__Lspace_3                 (abs)        00000
__Lstack                   stack        00000
__Lstrings                 strings      00000
__Lstringtext1             stringtext1  00000
__Ltext                    text         00000
__S0                       (abs)        0800A
__S1                       (abs)        0015A
__S2                       (abs)        00000
__S3                       (abs)        00000
__Umul8_16                 text9        00E03
__Umul8_16@multiplicand    cstackCOMMON 00072
__Umul8_16@multiplier      cstackBANK0  00024
__Umul8_16@product         cstackBANK0  00020
__Umul8_16@word_mpld       cstackBANK0  00022
___awdiv                   text1        00EBF
___awdiv@counter           cstackBANK0  00020
___awdiv@dividend          cstackCOMMON 00074
___awdiv@divisor           cstackCOMMON 00072
___awdiv@quotient          cstackBANK0  00022
___awdiv@sign              cstackBANK0  00021
___fladd                   text10       002A0
___fladd@a                 cstackBANK0  0004C
___fladd@aexp              cstackBANK0  00059
___fladd@b                 cstackBANK0  00048
___fladd@bexp              cstackBANK0  0005A
___fladd@grs               cstackBANK0  0005B
___fladd@signs             cstackBANK0  00058
___flmul                   text8        00049
___flmul@a                 cstackBANK0  00032
___flmul@aexp              cstackBANK0  0003C
___flmul@b                 cstackBANK0  0002E
___flmul@bexp              cstackBANK0  00041
___flmul@grs               cstackBANK0  0003D
___flmul@prod              cstackBANK0  00042
___flmul@sign              cstackBANK0  0003B
___flmul@temp              cstackBANK0  00046
___fltol                   text7        00F8B
___fltol@exp1              cstackCOMMON 00079
___fltol@f1                cstackBANK0  0005C
___fltol@sign1             cstackCOMMON 00078
___int_sp                  stack        00000
___latbits                 (abs)        00001
___sp                      stack        00000
___stackhi                 (abs)        021EF
___stacklo                 (abs)        020DA
___xxtofl                  text6        0074F
___xxtofl@arg              cstackBANK0  0002A
___xxtofl@exp              cstackBANK0  00029
___xxtofl@sign             cstackBANK0  00028
___xxtofl@val              cstackBANK0  00020
__end_of_ADC_Init          text14       00DC9
__end_of_ADC_Read          text13       00E03
__end_of_ConfigInterrupts  text12       00DD6
__end_of_ConfigTimers      text11       00DE5
__end_of_HighIsr           intentry     00031
__end_of_Pres_Conv         text5        00E73
__end_of_Send_DTMF_pack    text3        0074F
__end_of_Temp_Conv         text2        00EBF
__end_of__Umul8_16         text9        00E27
__end_of___awdiv           text1        00F1F
__end_of___fladd           text10       004D8
__end_of___flmul           text8        002A0
__end_of___fltol           text7        01000
__end_of___xxtofl          text6        007FC
__end_of__initialization   cinit        00045
__end_of_main              maintext     00640
__end_of_nib_to_DTMF       text4        00F8B
__end_ofmain@TX_rate       stringtext1  007FE
__initialization           cinit        00033
__pbssBANK1                bssBANK1     000E6
__pbssBANK2                bssBANK2     00120
__pbssCOMMON               bssCOMMON    0007A
__pcstackBANK0             cstackBANK0  00020
__pcstackBANK1             cstackBANK1  000A0
__pcstackCOMMON            cstackCOMMON 00070
__pintentry                intentry     00004
__pmaintext                maintext     004D8
__pstringtext1             stringtext1  007FC
__ptext1                   text1        00EBF
__ptext10                  text10       002A0
__ptext11                  text11       00DD6
__ptext12                  text12       00DC9
__ptext13                  text13       00DE5
__ptext14                  text14       00DC1
__ptext2                   text2        00E73
__ptext3                   text3        00640
__ptext4                   text4        00F1F
__ptext5                   text5        00E27
__ptext6                   text6        0074F
__ptext7                   text7        00F8B
__ptext8                   text8        00049
__ptext9                   text9        00E03
__size_of_ADC_Init         (abs)        00000
__size_of_ADC_Read         (abs)        00000
__size_of_ConfigInterrupts (abs)        00000
__size_of_ConfigTimers     (abs)        00000
__size_of_HighIsr          (abs)        00000
__size_of_Pres_Conv        (abs)        00000
__size_of_Send_DTMF_pack   (abs)        00000
__size_of_Temp_Conv        (abs)        00000
__size_of__Umul8_16        (abs)        00000
__size_of___awdiv          (abs)        00000
__size_of___fladd          (abs)        00000
__size_of___flmul          (abs)        00000
__size_of___fltol          (abs)        00000
__size_of___xxtofl         (abs)        00000
__size_of_main             (abs)        00000
__size_of_nib_to_DTMF      (abs)        00000
_main                      maintext     004D8
_main$975                  cstackBANK1  000DA
_main$976                  cstackBANK1  000DC
_nib_to_DTMF               text4        00F1F
_wind_set                  bssCOMMON    0007A
_wind_time_high            bssBANK1     000EA
_wind_time_low             bssBANK1     000EC
btemp                      (abs)        0007E
clear_ram0                 clrtext      00DBB
end_of_initialization      cinit        00045
int$flags                  (abs)        0007E
intlevel0                  functab      00000
intlevel1                  functab      00000
intlevel2                  functab      00000
intlevel3                  functab      00000
intlevel4                  functab      00000
intlevel5                  functab      00000
main@pressure              cstackBANK1  000E0
main@temperature           cstackBANK1  000DE
main@wind_avg              cstackBANK1  000A0
main@wind_mph              cstackBANK1  000E2
main@x                     cstackBANK1  000E4
nib_to_DTMF@nib            cstackCOMMON 00072
reset_vec                  reset_vec    00000
start                      init         00031
start_initialization       cinit        00033
wtemp0                     (abs)        0007E


FUNCTION INFORMATION:

 *************** function _main *****************
 Defined at:
		line 20 in file "TX_main.c"
 Parameters:    Size  Location     Type
		None
 Auto vars:     Size  Location     Type
  x               2   68[BANK1 ] int 
  wind_avg       58    0[BANK1 ] int [29]
  wind_mph        2   66[BANK1 ] int 
  pressure        2   64[BANK1 ] int 
  temperature     2   62[BANK1 ] int 
 Return value:  Size  Location     Type
                  1    wreg      void 
 Registers used:
		wreg, fsr0l, fsr0h, fsr1l, fsr1h, status,2, status,0, pclath, cstack
 Tracked objects:
		On entry : 
		On exit  : 
		Unchanged: 
 Data sizes:     COMMON   BANK0   BANK1   BANK2   BANK3   BANK4   BANK5   BANK6
      Params:         0       0       0       0       0       0       0       0
      Locals:         0       0      70       0       0       0       0       0
      Temps:          0       2       0       0       0       0       0       0
      Totals:         0       2      70       0       0       0       0       0
Total ram usage:       72 bytes
 Hardware stack levels required when called:    4
 This function calls:
		_ADC_Init
		_ADC_Read
		_ConfigInterrupts
		_ConfigTimers
		_Pres_Conv
		_Send_DTMF_pack
		_Temp_Conv
		___awdiv
		___fltol
		___xxtofl
 This function is called by:
		Startup code after reset
 This function uses a non-reentrant model


 *************** function ___awdiv *****************
 Defined at:
		line 5 in file "D:\Apps\Xc8\pic\sources\c99\common\awdiv.c"
 Parameters:    Size  Location     Type
  divisor         2    2[COMMON] int 
  dividend        2    4[COMMON] int 
 Auto vars:     Size  Location     Type
  quotient        2    2[BANK0 ] int 
  sign            1    1[BANK0 ] unsigned char 
  counter         1    0[BANK0 ] unsigned char 
 Return value:  Size  Location     Type
                  2    2[COMMON] int 
 Registers used:
		wreg, status,2, status,0
 Tracked objects:
		On entry : 
		On exit  : 
		Unchanged: 
 Data sizes:     COMMON   BANK0   BANK1   BANK2   BANK3   BANK4   BANK5   BANK6
      Params:         4       0       0       0       0       0       0       0
      Locals:         0       4       0       0       0       0       0       0
      Temps:          1       0       0       0       0       0       0       0
      Totals:         5       4       0       0       0       0       0       0
Total ram usage:        9 bytes
 Hardware stack levels used:    1
 Hardware stack levels required when called:    1
 This function calls:
		Nothing
 This function is called by:
		_main
 This function uses a non-reentrant model


 *************** function _Temp_Conv *****************
 Defined at:
		line 33 in file "./ADC.h"
 Parameters:    Size  Location     Type
  V2T             2   69[BANK0 ] int 
 Auto vars:     Size  Location     Type
  temp            2   71[BANK0 ] int 
 Return value:  Size  Location     Type
                  2   69[BANK0 ] int 
 Registers used:
		wreg, status,2, status,0, pclath, cstack
 Tracked objects:
		On entry : 
		On exit  : 
		Unchanged: 
 Data sizes:     COMMON   BANK0   BANK1   BANK2   BANK3   BANK4   BANK5   BANK6
      Params:         0       2       0       0       0       0       0       0
      Locals:         0       2       0       0       0       0       0       0
      Temps:          0       0       0       0       0       0       0       0
      Totals:         0       4       0       0       0       0       0       0
Total ram usage:        4 bytes
 Hardware stack levels used:    1
 Hardware stack levels required when called:    3
 This function calls:
		___fladd
		___flmul
		___fltol
		___xxtofl
 This function is called by:
		_main
 This function uses a non-reentrant model


 *************** function _Send_DTMF_pack *****************
 Defined at:
		line 97 in file "./DTMF_encoding.h"
 Parameters:    Size  Location     Type
  wind            2    4[COMMON] int 
  temperature     2    6[COMMON] int 
  press           2    8[COMMON] int 
 Auto vars:     Size  Location     Type
  low             2    5[BANK0 ] int 
  high            2    3[BANK0 ] int 
 Return value:  Size  Location     Type
                  1    wreg      void 
 Registers used:
		wreg, fsr0l, fsr0h, status,2, status,0, pclath, cstack
 Tracked objects:
		On entry : 
		On exit  : 
		Unchanged: 
 Data sizes:     COMMON   BANK0   BANK1   BANK2   BANK3   BANK4   BANK5   BANK6
      Params:         6       0       0       0       0       0       0       0
      Locals:         0       4       0       0       0       0       0       0
      Temps:          0       3       0       0       0       0       0       0
      Totals:         6       7       0       0       0       0       0       0
Total ram usage:       13 bytes
 Hardware stack levels used:    1
 Hardware stack levels required when called:    2
 This function calls:
		_nib_to_DTMF
 This function is called by:
		_main
 This function uses a non-reentrant model


 *************** function _nib_to_DTMF *****************
 Defined at:
		line 25 in file "./DTMF_encoding.h"
 Parameters:    Size  Location     Type
  nib             2    2[COMMON] int 
 Auto vars:     Size  Location     Type
		None
 Return value:  Size  Location     Type
                  1    wreg      void 
 Registers used:
		wreg, fsr0l, fsr0h, status,2, status,0
 Tracked objects:
		On entry : 
		On exit  : 
		Unchanged: 
 Data sizes:     COMMON   BANK0   BANK1   BANK2   BANK3   BANK4   BANK5   BANK6
      Params:         2       0       0       0       0       0       0       0
      Locals:         0       0       0       0       0       0       0       0
      Temps:          0       0       0       0       0       0       0       0
      Totals:         2       0       0       0       0       0       0       0
Total ram usage:        2 bytes
 Hardware stack levels used:    1
 Hardware stack levels required when called:    1
 This function calls:
		Nothing
 This function is called by:
		_Send_DTMF_pack
 This function uses a non-reentrant model


 *************** function _Pres_Conv *****************
 Defined at:
		line 38 in file "./ADC.h"
 Parameters:    Size  Location     Type
  V2P             2   69[BANK0 ] int 
 Auto vars:     Size  Location     Type
  pres            2   71[BANK0 ] int 
 Return value:  Size  Location     Type
                  2   69[BANK0 ] int 
 Registers used:
		wreg, status,2, status,0, pclath, cstack
 Tracked objects:
		On entry : 
		On exit  : 
		Unchanged: 
 Data sizes:     COMMON   BANK0   BANK1   BANK2   BANK3   BANK4   BANK5   BANK6
      Params:         0       2       0       0       0       0       0       0
      Locals:         0       2       0       0       0       0       0       0
      Temps:          0       0       0       0       0       0       0       0
      Totals:         0       4       0       0       0       0       0       0
Total ram usage:        4 bytes
 Hardware stack levels used:    1
 Hardware stack levels required when called:    3
 This function calls:
		___fladd
		___flmul
		___fltol
		___xxtofl
 This function is called by:
		_main
 This function uses a non-reentrant model


 *************** function ___xxtofl *****************
 Defined at:
		line 10 in file "D:\Apps\Xc8\pic\sources\c99\common\xxtofl.c"
 Parameters:    Size  Location     Type
  sign            1    wreg     unsigned char 
  val             4    0[BANK0 ] long 
 Auto vars:     Size  Location     Type
  sign            1    8[BANK0 ] unsigned char 
  arg             4   10[BANK0 ] unsigned long 
  exp             1    9[BANK0 ] unsigned char 
 Return value:  Size  Location     Type
                  4    0[BANK0 ] unsigned char 
 Registers used:
		wreg, status,2, status,0
 Tracked objects:
		On entry : 
		On exit  : 
		Unchanged: 
 Data sizes:     COMMON   BANK0   BANK1   BANK2   BANK3   BANK4   BANK5   BANK6
      Params:         0       4       0       0       0       0       0       0
      Locals:         0       6       0       0       0       0       0       0
      Temps:          0       4       0       0       0       0       0       0
      Totals:         0      14       0       0       0       0       0       0
Total ram usage:       14 bytes
 Hardware stack levels used:    1
 Hardware stack levels required when called:    1
 This function calls:
		Nothing
 This function is called by:
		_Temp_Conv
		_Pres_Conv
		_main
 This function uses a non-reentrant model


 *************** function ___fltol *****************
 Defined at:
		line 43 in file "D:\Apps\Xc8\pic\sources\c99\common\fltol.c"
 Parameters:    Size  Location     Type
  f1              4   60[BANK0 ] unsigned char 
 Auto vars:     Size  Location     Type
  exp1            1    9[COMMON] unsigned char 
  sign1           1    8[COMMON] unsigned char 
 Return value:  Size  Location     Type
                  4   60[BANK0 ] long 
 Registers used:
		wreg, status,2, status,0
 Tracked objects:
		On entry : 
		On exit  : 
		Unchanged: 
 Data sizes:     COMMON   BANK0   BANK1   BANK2   BANK3   BANK4   BANK5   BANK6
      Params:         0       4       0       0       0       0       0       0
      Locals:         2       0       0       0       0       0       0       0
      Temps:          0       5       0       0       0       0       0       0
      Totals:         2       9       0       0       0       0       0       0
Total ram usage:       11 bytes
 Hardware stack levels used:    1
 Hardware stack levels required when called:    1
 This function calls:
		Nothing
 This function is called by:
		_Temp_Conv
		_Pres_Conv
		_main
 This function uses a non-reentrant model


 *************** function ___flmul *****************
 Defined at:
		line 8 in file "D:\Apps\Xc8\pic\sources\c99\common\sprcmul.c"
 Parameters:    Size  Location     Type
  b               4   14[BANK0 ] long 
  a               4   18[BANK0 ] long 
 Auto vars:     Size  Location     Type
  prod            4   34[BANK0 ] struct .
  grs             4   29[BANK0 ] unsigned long 
  temp            2   38[BANK0 ] struct .
  bexp            1   33[BANK0 ] unsigned char 
  aexp            1   28[BANK0 ] unsigned char 
  sign            1   27[BANK0 ] unsigned char 
 Return value:  Size  Location     Type
                  4   14[BANK0 ] unsigned char 
 Registers used:
		wreg, status,2, status,0, pclath, cstack
 Tracked objects:
		On entry : 
		On exit  : 
		Unchanged: 
 Data sizes:     COMMON   BANK0   BANK1   BANK2   BANK3   BANK4   BANK5   BANK6
      Params:         0       8       0       0       0       0       0       0
      Locals:         0      13       0       0       0       0       0       0
      Temps:          0       5       0       0       0       0       0       0
      Totals:         0      26       0       0       0       0       0       0
Total ram usage:       26 bytes
 Hardware stack levels used:    1
 Hardware stack levels required when called:    2
 This function calls:
		__Umul8_16
 This function is called by:
		_Temp_Conv
		_Pres_Conv
 This function uses a non-reentrant model


 *************** function __Umul8_16 *****************
 Defined at:
		line 4 in file "D:\Apps\Xc8\pic\sources\c99\common\Umul8_16.c"
 Parameters:    Size  Location     Type
  multiplier      1    wreg     unsigned char 
  multiplicand    1    2[COMMON] unsigned char 
 Auto vars:     Size  Location     Type
  multiplier      1    4[BANK0 ] unsigned char 
  word_mpld       2    2[BANK0 ] unsigned int 
  product         2    0[BANK0 ] unsigned int 
 Return value:  Size  Location     Type
                  2    2[COMMON] unsigned int 
 Registers used:
		wreg, status,2, status,0
 Tracked objects:
		On entry : 
		On exit  : 
		Unchanged: 
 Data sizes:     COMMON   BANK0   BANK1   BANK2   BANK3   BANK4   BANK5   BANK6
      Params:         2       0       0       0       0       0       0       0
      Locals:         0       5       0       0       0       0       0       0
      Temps:          2       0       0       0       0       0       0       0
      Totals:         4       5       0       0       0       0       0       0
Total ram usage:        9 bytes
 Hardware stack levels used:    1
 Hardware stack levels required when called:    1
 This function calls:
		Nothing
 This function is called by:
		___flmul
 This function uses a non-reentrant model


 *************** function ___fladd *****************
 Defined at:
		line 10 in file "D:\Apps\Xc8\pic\sources\c99\common\sprcadd.c"
 Parameters:    Size  Location     Type
  b               4   40[BANK0 ] unsigned int 
  a               4   44[BANK0 ] unsigned int 
 Auto vars:     Size  Location     Type
  grs             1   59[BANK0 ] unsigned char 
  bexp            1   58[BANK0 ] unsigned char 
  aexp            1   57[BANK0 ] unsigned char 
  signs           1   56[BANK0 ] unsigned char 
 Return value:  Size  Location     Type
                  4   40[BANK0 ] unsigned char 
 Registers used:
		wreg, status,2, status,0
 Tracked objects:
		On entry : 
		On exit  : 
		Unchanged: 
 Data sizes:     COMMON   BANK0   BANK1   BANK2   BANK3   BANK4   BANK5   BANK6
      Params:         0       8       0       0       0       0       0       0
      Locals:         0       4       0       0       0       0       0       0
      Temps:          0       8       0       0       0       0       0       0
      Totals:         0      20       0       0       0       0       0       0
Total ram usage:       20 bytes
 Hardware stack levels used:    1
 Hardware stack levels required when called:    1
 This function calls:
		Nothing
 This function is called by:
		_Temp_Conv
		_Pres_Conv
 This function uses a non-reentrant model


 *************** function _ConfigTimers *****************
 Defined at:
		line 92 in file "TX_main.c"
 Parameters:    Size  Location     Type
		None
 Auto vars:     Size  Location     Type
		None
 Return value:  Size  Location     Type
                  1    wreg      void 
 Registers used:
		wreg, status,2, status,0
 Tracked objects:
		On entry : 
		On exit  : 
		Unchanged: 
 Data sizes:     COMMON   BANK0   BANK1   BANK2   BANK3   BANK4   BANK5   BANK6
      Params:         0       0       0       0       0       0       0       0
      Locals:         0       0       0       0       0       0       0       0
      Temps:          0       0       0       0       0       0       0       0
      Totals:         0       0       0       0       0       0       0       0
Total ram usage:        0 bytes
 Hardware stack levels used:    1
 Hardware stack levels required when called:    1
 This function calls:
		Nothing
 This function is called by:
		_main
 This function uses a non-reentrant model


 *************** function _ConfigInterrupts *****************
 Defined at:
		line 74 in file "TX_main.c"
 Parameters:    Size  Location     Type
		None
 Auto vars:     Size  Location     Type
		None
 Return value:  Size  Location     Type
                  1    wreg      void 
 Registers used:
		wreg, status,2, status,0
 Tracked objects:
		On entry : 
		On exit  : 
		Unchanged: 
 Data sizes:     COMMON   BANK0   BANK1   BANK2   BANK3   BANK4   BANK5   BANK6
      Params:         0       0       0       0       0       0       0       0
      Locals:         0       0       0       0       0       0       0       0
      Temps:          0       0       0       0       0       0       0       0
      Totals:         0       0       0       0       0       0       0       0
Total ram usage:        0 bytes
 Hardware stack levels used:    1
 Hardware stack levels required when called:    1
 This function calls:
		Nothing
 This function is called by:
		_main
 This function uses a non-reentrant model


 *************** function _ADC_Read *****************
 Defined at:
		line 23 in file "./ADC.h"
 Parameters:    Size  Location     Type
  channel         2    2[COMMON] int 
 Auto vars:     Size  Location     Type
  val             2    6[COMMON] int 
 Return value:  Size  Location     Type
                  2    2[COMMON] int 
 Registers used:
		wreg, status,2, status,0
 Tracked objects:
		On entry : 
		On exit  : 
		Unchanged: 
 Data sizes:     COMMON   BANK0   BANK1   BANK2   BANK3   BANK4   BANK5   BANK6
      Params:         2       0       0       0       0       0       0       0
      Locals:         2       0       0       0       0       0       0       0
      Temps:          2       0       0       0       0       0       0       0
      Totals:         6       0       0       0       0       0       0       0
Total ram usage:        6 bytes
 Hardware stack levels used:    1
 Hardware stack levels required when called:    1
 This function calls:
		Nothing
 This function is called by:
		_main
 This function uses a non-reentrant model


 *************** function _ADC_Init *****************
 Defined at:
		line 16 in file "./ADC.h"
 Parameters:    Size  Location     Type
		None
 Auto vars:     Size  Location     Type
		None
 Return value:  Size  Location     Type
                  1    wreg      void 
 Registers used:
		wreg, status,2
 Tracked objects:
		On entry : 
		On exit  : 
		Unchanged: 
 Data sizes:     COMMON   BANK0   BANK1   BANK2   BANK3   BANK4   BANK5   BANK6
      Params:         0       0       0       0       0       0       0       0
      Locals:         0       0       0       0       0       0       0       0
      Temps:          0       0       0       0       0       0       0       0
      Totals:         0       0       0       0       0       0       0       0
Total ram usage:        0 bytes
 Hardware stack levels used:    1
 Hardware stack levels required when called:    1
 This function calls:
		Nothing
 This function is called by:
		_main
 This function uses a non-reentrant model


 *************** function _HighIsr *****************
 Defined at:
		line 103 in file "TX_main.c"
 Parameters:    Size  Location     Type
		None
 Auto vars:     Size  Location     Type
		None
 Return value:  Size  Location     Type
                  1    wreg      void 
 Registers used:
		wreg, status,2, status,0
 Tracked objects:
		On entry : 
		On exit  : 
		Unchanged: 
 Data sizes:     COMMON   BANK0   BANK1   BANK2   BANK3   BANK4   BANK5   BANK6
      Params:         0       0       0       0       0       0       0       0
      Locals:         0       0       0       0       0       0       0       0
      Temps:          2       0       0       0       0       0       0       0
      Totals:         2       0       0       0       0       0       0       0
Total ram usage:        2 bytes
 Hardware stack levels used:    1
 This function calls:
		Nothing
 This function is called by:
		Interrupt level 1
 This function uses a non-reentrant model



MODULE INFORMATION

Module		Function		Class		Link	Load	Size
D:\Apps\Xc8\pic\sources\c99\common\Umul8_16.c
		__Umul8_16     		CODE           	0E03	0000	37

D:\Apps\Xc8\pic\sources\c99\common\Umul8_16.c estimated size: 37

./ADC.h
		_Temp_Conv     		CODE           	0E73	0000	77
		_Pres_Conv     		CODE           	0E27	0000	77
		_ADC_Read      		CODE           	0DE5	0000	31
		_ADC_Init      		CODE           	0DC1	0000	9

./ADC.h estimated size: 194

D:\Apps\Xc8\pic\sources\c99\common\sprcmul.c
		___flmul       		CODE           	0049	0000	600

D:\Apps\Xc8\pic\sources\c99\common\sprcmul.c estimated size: 600

D:\Apps\Xc8\pic\sources\c99\common\fltol.c
		___fltol       		CODE           	0F8B	0000	118

D:\Apps\Xc8\pic\sources\c99\common\fltol.c estimated size: 118

TX_main.c
		_HighIsr       		CODE           	0004	0000	46
		_ConfigTimers  		CODE           	0DD6	0000	16
		_main          		CODE           	04D8	0000	361
		_ConfigInterrupts		CODE           	0DC9	0000	14

TX_main.c estimated size: 437

shared
		__initialization		CODE           	0033	0000	19
		main@TX_rate   		STRCODE        	0000	0000	0

shared estimated size: 19

D:\Apps\Xc8\pic\sources\c99\common\xxtofl.c
		___xxtofl      		CODE           	074F	0000	174

D:\Apps\Xc8\pic\sources\c99\common\xxtofl.c estimated size: 174

./DTMF_encoding.h
		_Send_DTMF_pack		CODE           	0640	0000	272
		_nib_to_DTMF   		CODE           	0F1F	0000	109

./DTMF_encoding.h estimated size: 381

D:\Apps\Xc8\pic\sources\c99\common\awdiv.c
		___awdiv       		CODE           	0EBF	0000	97

D:\Apps\Xc8\pic\sources\c99\common\awdiv.c estimated size: 97

D:\Apps\Xc8\pic\sources\c99\common\sprcadd.c
		___fladd       		CODE           	02A0	0000	569

D:\Apps\Xc8\pic\sources\c99\common\sprcadd.c estimated size: 569

